{
  "several_fields": {
    "mode": "both",
    "schema": {
      "properties": {
        "active": {
          "default": true,
          "title": "Active",
          "type": "boolean"
        },
        "name": {
          "default": "default",
          "maxLength": 20,
          "title": "Name",
          "type": "string"
        },
        "tags": {
          "items": {
            "type": "string"
          },
          "title": "Tags",
          "type": "array"
        },
        "x": {
          "anyOf": [
            {
              "minLength": 3,
              "type": "string"
            },
            {
              "type": "null"
            }
          ],
          "default": null,
          "title": "X"
        },
        "y": {
          "title": "Y",
          "type": "integer"
        },
        "z": {
          "anyOf": [
            {
              "type": "number"
            },
            {
              "type": "null"
            }
          ],
          "default": null,
          "title": "Z"
        }
      },
      "required": [
        "y"
      ],
      "title": "X4",
      "type": "object"
    },
    "stable_id": "several_fields"
  },
  "simple_int": {
    "mode": "serializer",
    "schema": {
      "properties": {
        "x": {
          "title": "X",
          "type": "integer"
        }
      },
      "required": [
        "x"
      ],
      "title": "X",
      "type": "object"
    },
    "stable_id": "simple_int"
  },
  "simple_optional_str": {
    "mode": "deserializer",
    "schema": {
      "properties": {
        "x": {
          "anyOf": [
            {
              "minLength": 3,
              "type": "string"
            },
            {
              "type": "null"
            }
          ],
          "default": null,
          "title": "X"
        }
      },
      "title": "X3",
      "type": "object"
    },
    "stable_id": "simple_optional_str"
  },
  "simple_str": {
    "mode": "serializer",
    "schema": {
      "properties": {
        "x": {
          "title": "X",
          "type": "integer"
        }
      },
      "required": [
        "x"
      ],
      "title": "X2",
      "type": "object"
    },
    "stable_id": "simple_str"
  }
}